// Jest Snapshot v1, https://goo.gl/fbAQLP

exports[`<StatGroup /> should render the heading 1`] = `
<span
  class="group inline-flex relative z-0 max-h-[38px] rounded-md shadow-sm"
>
  <div
    class="inline-flex relative focus:z-10 items-center py-2 px-4 text-xs font-medium text-gray-100 rounded-l-md border border-gray-100 focus:outline-none lg:text-sm"
  >
    <div
      class="mr-2 -ml-1 text-gray-100"
    >
      <svg
        fill="currentColor"
        height="20"
        stroke="currentColor"
        stroke-width="0"
        viewBox="0 0 24 24"
        width="20"
        xmlns="http://www.w3.org/2000/svg"
      >
        <path
          d="M0 0h24v24H0V0z"
          fill="none"
        />
        <path
          d="M19 3H5c-1.1 0-2 .9-2 2v14c0 1.1.9 2 2 2h14c1.1 0 2-.9 2-2V5c0-1.1-.9-2-2-2zm0 16H5V5h14v14zM7 10h2v7H7zm4-3h2v10h-2zm4 6h2v4h-2z"
        />
      </svg>
    </div>
    Popularity
  </div>
  <div
    class="inline-flex relative focus:z-10 items-center py-2 px-3 -ml-px text-sm font-medium text-gray-100 rounded-r-md border border-gray-100 focus:outline-none"
  >
    82.3%
  </div>
</span>
`;
