// Jest Snapshot v1, https://goo.gl/fbAQLP

exports[`<MovieBox /> should render the component 1`] = `
<div
  class="flex flex-col justify-center items-center px-3 w-full min-h-screen"
>
  <main
    class="pt-4 w-full xs:w-[700px] h-screen md:w-[768px] lg:w-[1024px]"
  >
    <div
      class="mb-4 cursor-pointer"
      data-testid="logo"
    >
      <div
        class="flex items-center"
      >
        <div>
          <svg
            class="mr-2 text-yellow-400"
            data-testid="logo-icon"
            fill="currentColor"
            height="36"
            stroke="currentColor"
            stroke-width="0"
            viewBox="0 0 512 512"
            width="36"
            xmlns="http://www.w3.org/2000/svg"
          >
            <path
              d="M371.7 238l-176-107c-15.8-8.8-35.7 2.5-35.7 21v208c0 18.4 19.8 29.8 35.7 21l176-101c16.4-9.1 16.4-32.8 0-42zM504 256C504 119 393 8 256 8S8 119 8 256s111 248 248 248 248-111 248-248zm-448 0c0-110.5 89.5-200 200-200s200 89.5 200 200-89.5 200-200 200S56 366.5 56 256z"
            />
          </svg>
        </div>
        <h1
          class="font-medium text-white"
        >
          MovieApp
        </h1>
      </div>
    </div>
    <div>
      <div>
        Oi
      </div>
    </div>
  </main>
</div>
`;
