// Jest Snapshot v1, https://goo.gl/fbAQLP

exports[`<Badge /> should render the component 1`] = `
<span
  class="inline-flex items-center py-0.5 px-2.5 mx-1 text-xs font-medium text-gray-800 bg-gray-100 hover:bg-gray-300 rounded-full"
>
  Example
</span>
`;
